zymo_pos_ctrl,0_begin,2000,302000,151.00
zymo_pos_ctrl,0_lowqual_removal,1072,160774,149.98
zymo_pos_ctrl,1_host_removal,1064,159788,150.18
zymo_pos_ctrl,2_error_removal,1056,158580,150.17
